---
source: src/parser/coreth/native.rs
assertion_line: 368
expression: reduced
input_file: src/parser/coreth/eth_testvectors/erc20_simple_transfer_SHIB_e.json
---
[
    "Chain ID": "43114",
    "ERC-20": "transfer",
    "To": "0xb5758503625f974254e5a82a7a31c7b5610c9b21",
    "Amount": "130.308387965287645184 SHIB.e",
    "Contract": "0x02d980a0d7af3fb7cf7df8cb35d9edbcf355f665",
    "Maximun Fee(GWEI)": "860061.360781008",
]
