---
source: src/parser/coreth/native.rs
assertion_line: 368
expression: reduced
input_file: src/parser/coreth/eth_testvectors/erc20_simple_transfer_BAT_e.json
---
[
    "Chain ID": "43114",
    "ERC-20": "transfer",
    "To": "0xec30fba9b43375b995727e335ce6fbe552200c69",
    "Amount": "57.063190360431501312 BAT.e",
    "Contract": "0x98443b96ea4b0858fdf3219cd13e98c7a4690588",
    "Maximun Fee(GWEI)": "1565813.797403232",
]
