---
source: src/parser/coreth/native.rs
assertion_line: 368
expression: reduced
input_file: src/parser/coreth/eth_testvectors/erc20_simple_transfer_UMA_e.json
---
[
    "Chain ID": "43114",
    "ERC-20": "transfer",
    "To": "0x75f67c711c4983c3f413b6ffad6b357e1a8f1c93",
    "Amount": "313.251744825119539200 UMA.e",
    "Contract": "0x3bd2b1c7ed8d396dbb98ded3aebb41350a5b2339",
    "Maximun Fee(GWEI)": "1282022.418658884",
]
