---
source: src/parser/coreth/native.rs
expression: reduced
input_file: src/parser/coreth/eth_testvectors/eip2930_contract_deploy.json
---
[
    "Chain ID": "2",
    "Contract": "Creation",
    "Gas Limit": "40000000",
    "Funding Contract": "0.000000001",
    "Data: ": "0x7f7465737432000000000000000000859500002001000000000000000000...",
    "Maximum Fee(GWEI)": "0.04",
]
