---
source: src/parser/coreth/native.rs
assertion_line: 368
expression: reduced
input_file: src/parser/coreth/eth_testvectors/erc20_simple_transfer_USDT_e.json
---
[
    "Chain ID": "43114",
    "ERC-20": "transfer",
    "To": "0x4729b292c961f93f0e508d7fbc0a3fb1869b551e",
    "Amount": "394.317121 USDT.e",
    "Contract": "0xc7198437980c041c805a1edcba50c1ce5db95118",
    "Maximun Fee(GWEI)": "838920.176602829",
]
