---
source: src/parser/coreth/native.rs
assertion_line: 368
expression: reduced
input_file: src/parser/coreth/eth_testvectors/erc20_simple_transfer_UNI_e.json
---
[
    "Chain ID": "43114",
    "ERC-20": "transfer",
    "To": "0x4aba97441d66f9a8d5c171aa26968454e2f1b833",
    "Amount": "319.664785694599348224 UNI.e",
    "Contract": "0x8ebaf22b6f053dffeaf46f4dd9efa95d89ba8580",
    "Maximun Fee(GWEI)": "1240133.00909247",
]
