---
source: src/parser/coreth/native.rs
assertion_line: 368
expression: reduced
input_file: src/parser/coreth/eth_testvectors/erc20_simple_transfer_CRV_e.json
---
[
    "Chain ID": "43114",
    "ERC-20": "transfer",
    "To": "0x35ec27a9d26261b369f71623379cae9cc90025ef",
    "Amount": "146.141559098234126336 CRV.e",
    "Contract": "0x249848beca43ac405b8102ec90dd5f22ca513c06",
    "Maximun Fee(GWEI)": "808464.193735146",
]
