---
source: src/parser/coreth/native.rs
assertion_line: 368
expression: reduced
input_file: src/parser/coreth/eth_testvectors/erc20_simple_transfer_USDT.json
---
[
    "Chain ID": "43114",
    "ERC-20": "transfer",
    "To": "0xb1aaa26254b251e45af9988bc9beed3f3ef6b36f",
    "Amount": "145.630513 USDT",
    "Contract": "0x9702230a8ea53601f5cd2dc00fdbc13d4df4a8c7",
    "Maximun Fee(GWEI)": "1048005.6880482",
]
