---
source: src/parser/coreth/native.rs
assertion_line: 368
expression: reduced
input_file: src/parser/coreth/eth_testvectors/erc20_simple_transfer_USDC_e.json
---
[
    "Chain ID": "43114",
    "ERC-20": "transfer",
    "To": "0x977c36ca9de38b25395018dc19cfc900e6a4b5a8",
    "Amount": "417.038904 USDC.e",
    "Contract": "0xa7d7079b0fead91f3e65f86e8915cb59c1a4c664",
    "Maximun Fee(GWEI)": "1281531.635432167",
]
