---
source: src/parser/coreth/native.rs
assertion_line: 368
expression: reduced
input_file: src/parser/coreth/eth_testvectors/erc20_simple_transfer_ALPHA_e.json
---
[
    "Chain ID": "43114",
    "ERC-20": "transfer",
    "To": "0xc30b213fb98d9dd5b7186ab5c84c9256aaf04e30",
    "Amount": "75.666567352395300864 ALPHA.e",
    "Contract": "0x2147efff675e4a4ee1c2f918d181cdbd7a8e208f",
    "Maximun Fee(GWEI)": "1037458.376070984",
]
