---
source: src/parser/coreth/native.rs
assertion_line: 368
expression: reduced
input_file: src/parser/coreth/eth_testvectors/erc20_simple_transfer_BUSD_e.json
---
[
    "Chain ID": "43114",
    "ERC-20": "transfer",
    "To": "0xf72c0c19b74dcc83bb15b6286e6bded659a2147b",
    "Amount": "260.385627503382331392 BUSD.e",
    "Contract": "0x19860ccb0a68fd4213ab9d8266f7bbf05a8dde98",
    "Maximun Fee(GWEI)": "916825.6941892",
]
