---
source: src/parser/transactions/pvm/banff/set_l1_validator_weight.rs
assertion_line: 204
expression: reduced
---
[
    "SetL1ValWeight": "Transaction",
    "Validator": "0x3d0ad12b8ee8928edf248ca91ca55600fb383f07c32bff1d6dec472b25cf59a7",
    "Nonce": "42",
    "Weight": "2000",
    "Fee(AVAX)": "1152921504.606846975",
]
