---
source: src/parser/transactions/pvm/banff/register_l1_validator.rs
assertion_line: 302
expression: reduced
---
[
    "RegisterL1Val": "Transaction",
    "Validator": "NodeID-KUhfajVUcCf2g5UXsZ1EXZpFYryppFRcZ",
    "Weight": "1",
    "Balance (AVAX)": "0.1",
    "Fee(AVAX)": "0.00004679",
    "Rem Addr": "0xdd9103b686299295f518f33ea3b6e767d06ead89",
    "Disabler": "0xdd9103b686299295f518f33ea3b6e767d06ead89",
]
