---
source: src/parser/transactions.rs
expression: reduced
input_file: src/parser/testvectors/set_auto_renewed_validator_config.json
---
[
    "SetAutoRenewConf": "Transaction",
    "TxID": "0x3d0ad12b8ee8928edf248ca91ca55600fb383f07c32bff1d6dec472b25cf59a7",
    "AutoCompound(%)": "75",
    "Period(seconds)": "1209600",
    "Fee(AVAX)": "2000",
]
