---
source: src/parser/transactions/pvm/base_tx.rs
assertion_line: 341
expression: reduced
---
[
    "P-Chain": "BaseTx",
    "Amount": "2.919875702 AVAX to ",
    "Address": "avax1xqyp2lp6kcu26kxmttmgplk922jn404w9wtr75",
    "Amount": "1 AVAX to ",
    "Address": "avax1fyywcuautezaer2ansmggha5xuugjts2pmnyga",
    "Funds locked": "1 AVAX until 1970-01-01 00:00:01 UTC",
    "Amount": "1 AVAX to ",
    "Address": "avax1fyywcuautezaer2ansmggha5xuugjts2pmnyga",
    "Funds locked": "1 AVAX until 1970-01-01 00:00:01 UTC",
    "Amount": "1 AVAX to ",
    "Address": "avax1fyywcuautezaer2ansmggha5xuugjts2pmnyga",
    "Funds locked": "1 AVAX until 1970-01-01 00:00:01 UTC",
    "Amount": "1 AVAX to ",
    "Address": "avax1fyywcuautezaer2ansmggha5xuugjts2pmnyga",
    "Funds locked": "1 AVAX until 1970-01-01 00:00:01 UTC",
    "Amount": "1 AVAX to ",
    "Address": "avax1fyywcuautezaer2ansmggha5xuugjts2pmnyga",
    "Funds locked": "1 AVAX until 1970-01-01 00:00:01 UTC",
    "Amount": "1 AVAX to ",
    "Address": "avax1fyywcuautezaer2ansmggha5xuugjts2pmnyga",
    "Funds locked": "1 AVAX until 1970-01-01 00:00:01 UTC",
    "Amount": "1 AVAX to ",
    "Address": "avax1fyywcuautezaer2ansmggha5xuugjts2pmnyga",
    "Funds locked": "1 AVAX until 1970-01-01 00:00:01 UTC",
    "Amount": "1 AVAX to ",
    "Address": "avax1fyywcuautezaer2ansmggha5xuugjts2pmnyga",
    "Funds locked": "1 AVAX until 1970-01-01 00:00:01 UTC",
    "Amount": "1 AVAX to ",
    "Address": "avax1fyywcuautezaer2ansmggha5xuugjts2pmnyga",
    "Funds locked": "1 AVAX until 1970-01-01 00:00:01 UTC",
    "Amount": "1 AVAX to ",
    "Address": "avax1fyywcuautezaer2ansmggha5xuugjts2pmnyga",
    "Funds locked": "1 AVAX until 1970-01-01 00:00:01 UTC",
    "Amount": "1 AVAX to ",
    "Address": "avax1fyywcuautezaer2ansmggha5xuugjts2pmnyga",
    "Funds locked": "1 AVAX until 1970-01-01 00:00:01 UTC",
    "Amount": "1 AVAX to ",
    "Address": "avax1fyywcuautezaer2ansmggha5xuugjts2pmnyga",
    "Funds locked": "1 AVAX until 1970-01-01 00:00:01 UTC",
    "Amount": "1 AVAX to ",
    "Address": "avax1fyywcuautezaer2ansmggha5xuugjts2pmnyga",
    "Funds locked": "1 AVAX until 1970-01-01 00:00:01 UTC",
    "Amount": "1 AVAX to ",
    "Address": "avax1fyywcuautezaer2ansmggha5xuugjts2pmnyga",
    "Funds locked": "1 AVAX until 1970-01-01 00:00:01 UTC",
    "Amount": "1 AVAX to ",
    "Address": "avax1fyywcuautezaer2ansmggha5xuugjts2pmnyga",
    "Funds locked": "1 AVAX until 1970-01-01 00:00:01 UTC",
    "Amount": "1 AVAX to ",
    "Address": "avax1fyywcuautezaer2ansmggha5xuugjts2pmnyga",
    "Funds locked": "1 AVAX until 1970-01-01 00:00:01 UTC",
    "Amount": "1 AVAX to ",
    "Address": "avax1fyywcuautezaer2ansmggha5xuugjts2pmnyga",
    "Funds locked": "1 AVAX until 1970-01-01 00:00:01 UTC",
    "Amount": "1 AVAX to ",
    "Address": "avax1fyywcuautezaer2ansmggha5xuugjts2pmnyga",
    "Funds locked": "1 AVAX until 1970-01-01 00:00:01 UTC",
    "Amount": "1 AVAX to ",
    "Address": "avax1fyywcuautezaer2ansmggha5xuugjts2pmnyga",
    "Funds locked": "1 AVAX until 1970-01-01 00:00:01 UTC",
    "Amount": "1 AVAX to ",
    "Address": "avax1fyywcuautezaer2ansmggha5xuugjts2pmnyga",
    "Funds locked": "1 AVAX until 1970-01-01 00:00:01 UTC",
    "Amount": "1 AVAX to ",
    "Address": "avax1fyywcuautezaer2ansmggha5xuugjts2pmnyga",
    "Funds locked": "1 AVAX until 1970-01-01 00:00:01 UTC",
    "Amount": "1 AVAX to ",
    "Address": "avax1fyywcuautezaer2ansmggha5xuugjts2pmnyga",
    "Funds locked": "1 AVAX until 1970-01-01 00:00:01 UTC",
    "Amount": "1 AVAX to ",
    "Address": "avax1fyywcuautezaer2ansmggha5xuugjts2pmnyga",
    "Funds locked": "1 AVAX until 1970-01-01 00:00:01 UTC",
    "Fee(AVAX)": "0.000087645",
]
